\BOOKMARK [1][-]{section.1}{\376\377\004\022\004\062\004\065\004\064\004\065\004\075\004\070\004\065}{}% 1
\BOOKMARK [2][-]{subsection.1.1}{\376\377\004\042\004\065\004\076\004\100\004\065\004\102\004\070\004\107\004\065\004\101\004\072\004\060\004\117\000\040\004\107\004\060\004\101\004\102\004\114}{section.1}% 2
\BOOKMARK [2][-]{subsection.1.2}{\376\377\004\020\004\073\004\063\004\076\004\100\004\070\004\102\004\074\004\113\000\040\004\100\004\065\004\110\004\065\004\075\004\070\004\117\000\040\004\067\004\060\004\064\004\060\004\107\004\070}{section.1}% 3
\BOOKMARK [1][-]{section.2}{\376\377\004\020\004\073\004\063\004\076\004\100\004\070\004\102\004\074\004\070\004\107\004\065\004\101\004\072\004\060\004\117\000\040\004\107\004\060\004\101\004\102\004\114}{}% 4
\BOOKMARK [2][-]{subsection.2.1}{\376\377\004\036\004\077\004\070\004\101\004\060\004\075\004\070\004\065}{section.2}% 5
\BOOKMARK [2][-]{subsection.2.2}{\376\377\004\020\004\073\004\063\004\076\004\100\004\070\004\102\004\074\000\040\004\032\004\100\004\060\004\101\004\072\004\060\004\073\004\073\004\060}{section.2}% 6
\BOOKMARK [2][-]{subsection.2.3}{\376\377\004\036\004\077\004\102\004\070\004\074\004\070\004\067\004\060\004\106\004\070\004\117\000\040\004\060\004\073\004\063\004\076\004\100\004\070\004\102\004\074\004\060\000\040\004\032\004\100\004\060\004\101\004\072\004\060\004\073\004\073\004\060}{section.2}% 7
\BOOKMARK [2][-]{subsection.2.4}{\376\377\004\037\004\100\004\070\004\074\004\065\004\100\000\040\004\100\004\060\004\061\004\076\004\102\004\113\000\040\004\060\004\073\004\063\004\076\004\100\004\070\004\102\004\074\004\060\000\040\004\032\004\100\004\060\004\101\004\072\004\060\004\073\004\073\004\060}{section.2}% 8
\BOOKMARK [2][-]{subsection.2.5}{\376\377\004\020\004\073\004\063\004\076\004\100\004\070\004\102\004\074\000\040\004\037\004\100\004\070\004\074\004\060}{section.2}% 9
\BOOKMARK [2][-]{subsection.2.6}{\376\377\004\036\004\077\004\102\004\070\004\074\004\070\004\067\004\060\004\106\004\070\004\117\000\040\004\060\004\073\004\063\004\076\004\100\004\070\004\102\004\074\004\060\000\040\004\037\004\100\004\070\004\074\004\060}{section.2}% 10
\BOOKMARK [2][-]{subsection.2.7}{\376\377\004\024\004\062\004\076\004\070\004\107\004\075\004\060\004\117\000\040\004\072\004\103\004\107\004\060}{section.2}% 11
\BOOKMARK [2][-]{subsection.2.8}{\376\377\004\044\004\070\004\061\004\076\004\075\004\060\004\107\004\107\004\070\004\065\004\062\004\060\000\040\004\072\004\103\004\107\004\060}{section.2}% 12
\BOOKMARK [2][-]{subsection.2.9}{\376\377\004\041\004\070\004\101\004\102\004\065\004\074\004\060\000\040\004\075\004\065\004\077\004\065\004\100\004\065\004\101\004\065\004\072\004\060\004\116\004\111\004\070\004\105\004\101\004\117\000\040\004\074\004\075\004\076\004\066\004\065\004\101\004\102\004\062}{section.2}% 13
\BOOKMARK [2][-]{subsection.2.10}{\376\377\004\037\004\100\004\070\004\074\004\065\004\100\000\040\004\100\004\060\004\061\004\076\004\102\004\113\000\040\004\060\004\073\004\063\004\076\004\100\004\070\004\102\004\074\004\060\000\040\004\037\004\100\004\070\004\074\004\060}{section.2}% 14
\BOOKMARK [1][-]{section.3}{\376\377\004\022\004\113\004\107\004\070\004\101\004\073\004\070\004\102\004\065\004\073\004\114\004\075\004\113\004\071\000\040\004\115\004\072\004\101\004\077\004\065\004\100\004\070\004\074\004\065\004\075\004\102}{}% 15
\BOOKMARK [2][-]{subsection.3.1}{\376\377\004\023\004\065\004\075\004\065\004\100\004\060\004\106\004\070\004\117\000\040\004\064\004\060\004\075\004\075\004\113\004\105}{section.3}% 16
\BOOKMARK [2][-]{subsection.3.2}{\376\377\004\041\004\100\004\060\004\062\004\075\004\070\004\102\004\065\004\073\004\114\004\075\004\113\004\071\000\040\004\060\004\075\004\060\004\073\004\070\004\067}{section.3}% 17
\BOOKMARK [1][-]{section.4}{\376\377\004\027\004\060\004\072\004\073\004\116\004\107\004\065\004\075\004\070\004\065}{}% 18
\BOOKMARK [2][-]{subsection.4.1}{\376\377\004\040\004\060\004\101\004\101\004\074\004\076\004\102\004\100\004\065\004\075\004\075\004\113\004\065\000\040\004\067\004\060\004\064\004\060\004\107\004\070}{section.4}% 19
\BOOKMARK [2][-]{subsection.4.2}{\376\377\004\024\004\076\004\101\004\102\004\070\004\063\004\075\004\103\004\102\004\113\004\065\000\040\004\100\004\065\004\067\004\103\004\073\004\114\004\102\004\060\004\102\004\113}{section.4}% 20
\BOOKMARK [2][-]{subsection.4.3}{\376\377\004\041\004\101\004\113\004\073\004\072\004\060\000\040\004\075\004\060\000\040\000G\000i\000t\000H\000u\000b}{section.4}% 21
\BOOKMARK [1][-]{section.5}{\376\377\004\032\004\076\004\064\000\040\004\063\004\100\004\060\004\104\004\070\004\107\004\065\004\101\004\072\004\076\004\071\000\040\004\107\004\060\004\101\004\102\004\070}{}% 22
\BOOKMARK [2][-]{subsection.5.1}{\376\377\004\037\004\100\004\076\004\062\004\065\004\100\004\072\004\060\000\040\004\076\004\106\004\065\004\075\004\072\004\070\000\040\004\101\004\073\004\076\004\066\004\075\004\076\004\101\004\102\004\070\000\040\004\100\004\060\004\061\004\076\004\102\004\113\000\040\004\060\004\073\004\063\004\076\004\100\004\070\004\102\004\074\004\076\004\062}{section.5}% 23
\BOOKMARK [2][-]{subsection.5.2}{\376\377\004\041\004\100\004\060\004\062\004\075\004\065\004\075\004\070\004\065\000\040\004\060\004\061\004\101\004\076\004\073\004\116\004\102\004\075\004\076\004\063\004\076\000\040\004\062\004\100\004\065\004\074\004\065\004\075\004\070\000\040\004\062\004\113\004\077\004\076\004\073\004\075\004\065\004\075\004\070\004\117\000\040\004\060\004\073\004\063\004\076\004\100\004\070\004\102\004\074\004\076\004\062}{section.5}% 24
\BOOKMARK [1][-]{section.6}{\376\377\004\032\004\076\004\064\000\040\004\060\004\073\004\063\004\076\004\100\004\070\004\102\004\074\004\070\004\107\004\065\004\101\004\072\004\076\004\071\000\040\004\107\004\060\004\101\004\102\004\070}{}% 25
\BOOKMARK [2][-]{subsection.6.1}{\376\377\004\020\004\073\004\063\004\076\004\100\004\070\004\102\004\074\000\040\004\032\004\100\004\060\004\101\004\072\004\060\004\073\004\073\004\060}{section.6}% 26
\BOOKMARK [2][-]{subsection.6.2}{\376\377\004\041\004\070\004\101\004\102\004\065\004\074\004\060\000\040\004\075\004\065\004\077\004\065\004\100\004\065\004\101\004\065\004\072\004\060\004\116\004\111\004\070\004\105\004\101\004\117\000\040\004\074\004\075\004\076\004\066\004\065\004\101\004\102\004\062}{section.6}% 27
\BOOKMARK [2][-]{subsection.6.3}{\376\377\004\020\004\073\004\063\004\076\004\100\004\070\004\102\004\074\000\040\004\037\004\100\004\070\004\074\004\060}{section.6}% 28
\BOOKMARK [2][-]{subsection.6.4}{\376\377\004\036\004\107\004\065\004\100\004\065\004\064\004\114\000\040\004\101\000\040\004\077\004\100\004\070\004\076\004\100\004\070\004\102\004\065\004\102\004\060\004\074\004\070}{section.6}% 29
\BOOKMARK [2][-]{subsection.6.5}{\376\377\004\023\004\065\004\075\004\065\004\100\004\060\004\106\004\070\004\117\000\040\004\063\004\100\004\060\004\104\004\076\004\062}{section.6}% 30
\BOOKMARK [1][-]{section.7}{\376\377\004\041\004\077\004\070\004\101\004\076\004\072\000\040\004\073\004\070\004\102\004\065\004\100\004\060\004\102\004\103\004\100\004\113}{}% 31
